<table>
<caption>Some Object</caption>
<tbody>
<tr class="odd">
  <td>someProperty</td>
  <td>SomeValue</td>
</tr>
<tr class="even">
  <td>Another Property</td>
  <td>Other Value</td>
</tr>
</tbody>
</table>

<table>
<caption>Some Object</caption>
<tbody>
<tr class="odd">
  <td>someProperty</td>
  <td>SomeValue</td>
</tr>
<tr class="even">
  <td>integerProperty</td>
  <td>123</td>
</tr>
</tbody>
</table>

<table>
<caption>Some Object</caption>
<tbody>
<tr class="odd">
  <td>someProperty</td>
  <td>SomeValue</td>
</tr>
<tr class="even">
  <td>integerProperty</td>
  <td>123</td>
</tr>
</tbody>
</table>

<table>
<caption>Some Object With Dynamic Style</caption>
<tbody>
<tr class="odd">
  <td>someProperty</td>
  <td>SomeValue</td>
</tr>
<tr class="even foo">
  <td>integerProperty</td>
  <td>123</td>
</tr>
<tr class="odd ohohoh">
  <td>integerProperty</td>
  <td>123</td>
</tr>
<tr class="even yop_SomeValue">
  <td>someProperty</td>
  <td>SomeValue</td>
</tr>
</tbody>
</table>
