<table>
<caption>S.O.O.</caption>
<tbody>
<tr class="odd">
  <td>one</td>
  <td>null</td>
</tr>
<tr class="even">
  <td>two</td>
  <td>deux</td>
</tr>
</tbody>
</table>

<table>
<caption>S.O.O.</caption>
<tbody>
<tr class="odd">
  <td>two</td>
  <td>deux</td>
</tr>
</tbody>
</table>

<table>
<caption>S.O.O.</caption>
<tbody>
<tr class="odd">
  <td>one</td>
  <td></td>
</tr>
<tr class="even">
  <td>two</td>
  <td>deux</td>
</tr>
</tbody>
</table>

<table>
<caption>default is to hide nulls</caption>
<tbody>
<tr class="odd">
  <td>one</td>
  <td></td>
</tr>
<tr class="even">
  <td>two</td>
  <td>deux</td>
</tr>
</tbody>
</table>
