<table>
<caption>Some Object</caption>
<tbody>
<tr class="odd">
  <td>anotherProperty</td>
  <td>Other Value</td>
</tr>
<tr class="even">
  <td>bar</td>
  <td>bar</td>
</tr>
<tr class="odd">
  <td>class</td>
  <td>class net.incongru.beantag.SomeObject</td>
</tr>
<tr class="even">
  <td>integerProperty</td>
  <td>123</td>
</tr>
<tr class="odd">
  <td>someProperty</td>
  <td>Some Value</td>
</tr>
<tr class="even">
  <td>unknownProperty</td>
  <td>Unknown Value</td>
</tr>
</tbody>
</table>
