Basic:
<option value="0">0</option>
<option value="1">1</option>
<option value="2">2</option>
<option value="3" selected="selected">3</option>
<option value="4">4</option>
<option value="5">5</option>
Out of bounds:
<option value="0">0</option>
<option value="1">1</option>
<option value="2">2</option>
<option value="3">3</option>
<option value="4">4</option>
Multiple:
<option value="0">0</option>
<option value="1">1</option>
<option value="2">2</option>
<option value="3" selected="selected">3</option>
<option value="4">4</option>
<option value="5" selected="selected">5</option>
<option value="6">6</option>
<option value="7">7</option>
<option value="8" selected="selected">8</option>
<option value="9">9</option>
<option value="10">10</option>
Multiple and out of bounds:
<option value="0">0</option>
<option value="1">1</option>
<option value="2">2</option>
<option value="3">3</option>
<option value="4" selected="selected">4</option>
<option value="5">5</option>
<option value="6">6</option>
<option value="7">7</option>
<option value="8">8</option>
<option value="9">9</option>
<option value="10">10</option>
