<table>
<caption>Some Object</caption>
<tbody>
<tr class="odd">
  <td>someProperty</td>
  <td>Some Value</td>
</tr>
<tr class="even">
  <td>Another Property</td>
  <td>decorated string property</td>
</tr>
<tr class="odd">
  <td>integerProperty</td>
  <td>the decorator will always superseed the bean, even if the method return type is different</td>
</tr>
<tr class="even">
  <td>foo</td>
  <td>a property which doesn't exist on the original bean</td>
</tr>
<tr class="odd">
  <td>bar</td>
  <td>123</td>
</tr>
<tr class="even">
  <td>propertyWhichUsesTheCurrentItem</td>
  <td>!Some Value!</td>
</tr>
</tbody>
</table>
