<table>
<caption>Some Object</caption>
<tbody>
<tr class="odd">
  <td>one</td>
  <td></td>
</tr>
<tr class="even">
  <td>two</td>
  <td>deux</td>
</tr>
<tr class="odd">
  <td>nested str</td>
  <td>some</td>
</tr>
<tr class="even">
  <td>nestedObject.anotherProperty</td>
  <td>other val</td>
</tr>
<tr class="odd">
  <td>nested int</td>
  <td>47</td>
</tr>
</tbody>
</table>
