Basic:
<option value="0">0</option>
<option value="4">4</option>
<option value="8">8</option>
<option value="12">12</option>
<option value="16">16</option>
<option value="20">20</option>
Step and start attributes:
<option value="11">11</option>
<option value="14">14</option>
<option value="17">17</option>
<option value="20">20</option>
End is equals to a step value:
<option value="1">1</option>
<option value="4">4</option>
<option value="7">7</option>
<option value="10">10</option>
