<table class="some cssclass" style="some style" id="someid">
<caption>Some Object</caption>
<tbody>
<tr class="odd" style="pouet">
  <td class="the-key" style="the-key-style">someProperty</td>
  <td class="the-val" style="the-val-style">Some Value</td>
</tr>
<tr class="tralala">
  <td class="the-key" style="the-key-style">Another Property</td>
  <td class="the-val" style="the-val-style">Other Value</td>
</tr>
<tr class="odd">
  <td class="the-key" style="the-key-style">integerProperty</td>
  <td class="the-val" style="the-val-style">123</td>
</tr>
</tbody>
</table>
