<table>
<caption>Some Object</caption>
<tbody>
<tr class="odd">
  <td>blah</td>
  <td>12</td>
</tr>
<tr class="even">
  <td>Seaume Preaupertie</td>
  <td>**Some Value¤¤</td>
</tr>
</tbody>
</table>
