<table>
<caption>Some Object</caption>
<tbody>
<tr class="odd">
  <td>someProperty</td>
  <td>Fake !</td>
</tr>
<tr class="even">
  <td>Another Property</td>
  <td>Fake !</td>
</tr>
<tr class="odd">
  <td>integerProperty</td>
  <td>Fake !</td>
</tr>
</tbody>
</table>
