<table>
<caption>Some Map</caption>
<tbody>
<tr class="odd">
  <td>anotherProperty</td>
  <td>Other Value</td>
</tr>
<tr class="even">
  <td>bar</td>
  <td>bar</td>
</tr>
<tr class="odd">
  <td>someProperty</td>
  <td>Some Value</td>
</tr>
</tbody>
</table>
