Simple:
test@request
With scope:
test@page
test@request
test@session
test@application
Nulls:
--
-null-
