<table>
<caption>Some Object</caption>
<tbody>
<tr class="odd">
  <td>blah</td>
  <td>some content</td>
</tr>
<tr class="even">
  <td>empty</td>
  <td></td>
</tr>
<tr class="odd">
  <td>someProperty</td>
  <td>Some Value</td>
</tr>
<tr class="even">
  <td>Another Property</td>
  <td>Other Value</td>
</tr>
</tbody>
</table>
