<table class="some_cssclass" style="some_style" id="someid">
<caption>Some Object</caption>
<tbody>
<tr class="odd" style="pouet">
  <td>someProperty</td>
  <td>Some Value</td>
</tr>
<tr class="even tralala">
  <td>Another Property</td>
  <td>Other Value</td>
</tr>
<tr class="odd">
  <td>integerProperty</td>
  <td>123</td>
</tr>
</tbody>
</table>
