<table>
<caption>Some Object</caption>
<tbody>
<tr class="odd">
  <td>someProperty</td>
  <td>Some Value</td>
</tr>
<tr class="even">
  <td>Another Property</td>
  <td>Other Value</td>
</tr>
<tr class="odd">
  <td>integerProperty</td>
  <td>123</td>
</tr>
</tbody>
</table>
