From negative to positive:
<option value="-3">-3</option>
<option value="-2">-2</option>
<option value="-1">-1</option>
<option value="0">0</option>
<option value="1">1</option>
<option value="2">2</option>
<option value="3">3</option>
With a negative step value
<option value="5">5</option>
<option value="3">3</option>
<option value="1">1</option>
<option value="-1">-1</option>
<option value="-3">-3</option>
<option value="-5">-5</option>
