<table id="foo">
<caption>Some Map</caption>
<tbody>
<tr class="odd">
  <td>anotherProperty</td>
  <td>Other Value</td>
</tr>
<tr class="even">
  <td>bar</td>
  <td>bar</td>
</tr>
<tr class="odd">
  <td>someProperty</td>
  <td>Some Value</td>
</tr>
</tbody>
</table>
<table id="foo-2">
<caption>Some Map</caption>
<tbody>
<tr class="odd">
  <td>za</td>
  <td>A</td>
</tr>
<tr class="even">
  <td>zb</td>
  <td>B</td>
</tr>
<tr class="odd">
  <td>zc</td>
  <td>C</td>
</tr>
</tbody>
</table>
<table id="foo-3">
<caption>Some Map</caption>
<tbody>
<tr class="odd">
  <td>zd</td>
  <td>D</td>
</tr>
</tbody>
</table>
